---
source: src/parser/file/tests.rs
expression: parse_xref_table(buf.as_ref()).unwrap()
---
(
    [],
    Section {
        entries: {},
    },
)
