---
source: src/parser/file/tests.rs
expression: parse_xref_table(buf.as_ref()).unwrap()
---
(
    [],
    Section {
        entries: {
            1: Entry(
                0,
                0,
                true,
            ),
            2: Entry(
                10,
                0,
                true,
            ),
        },
    },
)
