---
source: nipdf/src/file/render_tests.rs
expression: "&decode_file_page(\"../../pdf/code.pdf\", 620).unwrap()"
---
"ad1200823392987e41ac558704262d8f"
