---
source: nipdf/src/file/render_tests.rs
expression: "&decode_file_page(\"pdf.js/web/compressed.tracemonkey-pldi-09.pdf\", 9).unwrap()"
---
"cf5a1d7c2f65ddbdc9985a472124fec0"
