---
source: nipdf/src/file/render_tests.rs
expression: "&decode_page(163).unwrap()"
---
"f3d86a8b1a99eec01632a44f525d468b"
