---
source: nipdf/src/file/render_tests.rs
expression: "&decode_file_page(\"../../pdf/avr-1507-owners-manual-en.pdf\", 10).unwrap()"
---
"a8a8c4469d41e8239d402f32fe2a0d3a"
