---
source: nipdf/src/file/render_tests.rs
expression: "&decode_file_page(\"pdf.js/web/compressed.tracemonkey-pldi-09.pdf\",\n            10).unwrap()"
---
"58d619bb39b9bec85690b95341cf2136"
