---
source: nipdf/src/file/render_tests.rs
expression: "&decode_file_page(\"sample_files/bizarre/PDF32000_2008.pdf\", 746).unwrap()"
---
"41e6f0eb601bb6f8bc003da0d92f2381"
