---
source: nipdf/src/file/render_tests.rs
expression: "&decode_file_page(\"../../pdf/code.pdf\", 619).unwrap()"
---
"83dc429fb4356610198e02d632fa979b"
