---
source: render/src/render_tests.rs
expression: "&decode_file_page(\"../../pdf/avr-1507-owners-manual-en.pdf\", 10).unwrap()"
---
"caeaeec4a91acd22fa4c6fe8d950328a"
