---
source: src/parser/object/tests.rs
expression: parse_dict(buf.as_ref()).unwrap()
---
(
    [],
    {
        Name(
            [
                47,
                105,
                100,
            ],
        ): Name(
            Name(
                [
                    47,
                    86,
                    97,
                    108,
                    117,
                    101,
                ],
            ),
        ),
    },
)
