---
source: nipdf/tests/page_render_2.rs
expression: "&decode_page(141).unwrap()"
---
"a187196bd4f79fc9c2a8e20ee207a73d"
