---
source: nipdf/tests/page_render_2.rs
expression: "&decode_file_page(\"../../../5176.CFF.pdf\", 0).unwrap()"
---
"ac8a7196309d4aeb875bffcda7656649"
