---
source: nipdf/src/parser/file/tests.rs
expression: parse_xref_table(buf.as_ref()).unwrap()
---
(
    [],
    [
        (
            1,
            InFile(
                FilePos(
                    0,
                    0,
                    true,
                ),
            ),
        ),
        (
            2,
            InFile(
                FilePos(
                    10,
                    0,
                    true,
                ),
            ),
        ),
    ],
)
